+ rm -rf fluentx_admin_secure
+ rm -rf /tmp/fluentx_latest
+ rm -f /tmp/fluentx_latest.b64 /tmp/fluentx_recovered.tar /tmp/fluentx_overrides.tar.gz
+ mkdir -p /tmp/fluentx_latest
+ unzip -q fluentx_mobile_test_ready.zip
+ cat .source_handoff/2026-09-26-latest/part_00.b64 .source_handoff/2026-09-26-latest/part_01.b64 .source_handoff/2026-09-26-latest/part_02.b64 .source_handoff/2026-09-26-latest/part_03.b64 .source_handoff/2026-09-26-latest/part_04.b64 .source_handoff/2026-09-26-latest/part_05.b64 .source_handoff/2026-09-26-latest/part_06.b64 .source_handoff/2026-09-26-latest/part_07.b64
+ python3 -
recovered_tar_bytes=938388
+ tar -xf /tmp/fluentx_recovered.tar -C /tmp/fluentx_latest
tar: Skipping to next header
tar: Exiting with failure status due to previous errors
+ true
+ '[' '!' -d /tmp/fluentx_latest/fluentx_admin_secure ']'
+ rm -f /tmp/fluentx_latest/fluentx_admin_secure/lib/features/vocabulary/application/providers/vocabulary_providers.dart
+ rsync -a /tmp/fluentx_latest/fluentx_admin_secure/ fluentx_admin_secure/
+ base64 --decode .source_handoff/2026-09-28-latest-overrides/override13.tar.gz.b64
+ tar -xzf /tmp/fluentx_overrides.tar.gz -C .
+ test -f fluentx_admin_secure/pubspec.yaml
+ sed -i 's/intl: \^0\.19\.0/intl: ^0.20.3/' fluentx_admin_secure/pubspec.yaml
+ sed -i 's/freezed: \\^2\\.5\\.5/freezed: ^2.5.2/' fluentx_admin_secure/pubspec.yaml
+ sed -i '/^[[:space:]]*freezed:/c\\  freezed: 2.5.2' fluentx_admin_secure/pubspec.yaml
++ grep -E '^[[:space:]]*freezed:' fluentx_admin_secure/pubspec.yaml
+ echo 'freezed_dependency=  freezed: 2.5.2'
freezed_dependency=  freezed: 2.5.2
++ grep -E '^[[:space:]]*purchases_flutter:' fluentx_admin_secure/pubspec.yaml
+ echo 'payments_dependency=  purchases_flutter: 10.13.2 # Published release; purchase API matched below'
payments_dependency=  purchases_flutter: 10.13.2 # Published release; purchase API matched below
++ grep -E '^[[:space:]]*intl:' fluentx_admin_secure/pubspec.yaml
+ echo 'intl_dependency=  intl: ^0.20.3'
intl_dependency=  intl: ^0.20.3
+ echo latest_source_overlay=ok
latest_source_overlay=ok
++ find fluentx_admin_secure/lib -type f -name '*.dart'
++ wc -l
+ echo dart_files=194
dart_files=194
++ find fluentx_admin_secure/supabase/migrations -type f -name '*.sql'
++ wc -l
+ echo migrations=11
migrations=11
