Analyzing fluentx-app...                                        

   info • Use 'const' with the constructor to improve performance. Try adding the 'const' keyword to the constructor invocation • fluentx_admin_secure/lib/core/constants/app_radius.dart:34:46 • prefer_const_constructors
   info • Use 'const' with the constructor to improve performance. Try adding the 'const' keyword to the constructor invocation • fluentx_admin_secure/lib/core/constants/app_radius.dart:35:14 • prefer_const_constructors
   info • Use 'const' with the constructor to improve performance. Try adding the 'const' keyword to the constructor invocation • fluentx_admin_secure/lib/core/constants/app_radius.dart:36:15 • prefer_const_constructors
   info • Use 'const' with the constructor to improve performance. Try adding the 'const' keyword to the constructor invocation • fluentx_admin_secure/lib/features/ai_practice/data/datasources/ai_practice_remote_datasource.dart:85:15 • prefer_const_constructors
   info • 'listenFor' is deprecated and shouldn't be used. Use SpeechListenOptions.listenFor instead. Try replacing the use of the deprecated member with the replacement • fluentx_admin_secure/lib/features/ai_practice/presentation/screens/ai_practice_hub_screen.dart:300:7 • deprecated_member_use
   info • 'pauseFor' is deprecated and shouldn't be used. Use SpeechListenOptions.pauseFor instead. Try replacing the use of the deprecated member with the replacement • fluentx_admin_secure/lib/features/ai_practice/presentation/screens/ai_practice_hub_screen.dart:301:7 • deprecated_member_use
   info • 'partialResults' is deprecated and shouldn't be used. Use SpeechListenOptions.partialResults instead. Try replacing the use of the deprecated member with the replacement • fluentx_admin_secure/lib/features/ai_practice/presentation/screens/ai_practice_hub_screen.dart:302:7 • deprecated_member_use
   info • 'cancelOnError' is deprecated and shouldn't be used. Use SpeechListenOptions.cancelOnError instead. Try replacing the use of the deprecated member with the replacement • fluentx_admin_secure/lib/features/ai_practice/presentation/screens/ai_practice_hub_screen.dart:303:7 • deprecated_member_use
   info • Missing a required trailing comma. Try adding a trailing comma • fluentx_admin_secure/lib/features/ai_practice/presentation/screens/ai_practice_hub_screen.dart:341:8 • require_trailing_commas
   info • Missing a required trailing comma. Try adding a trailing comma • fluentx_admin_secure/lib/features/ai_practice/presentation/screens/ai_practice_hub_screen.dart:387:8 • require_trailing_commas
   info • Missing a required trailing comma. Try adding a trailing comma • fluentx_admin_secure/lib/features/ai_practice/presentation/screens/ai_practice_hub_screen.dart:400:5 • require_trailing_commas
   info • Missing a required trailing comma. Try adding a trailing comma • fluentx_admin_secure/lib/features/ai_practice/presentation/screens/ai_practice_hub_screen.dart:439:8 • require_trailing_commas
   info • Use 'const' with the constructor to improve performance. Try adding the 'const' keyword to the constructor invocation • fluentx_admin_secure/lib/features/ai_practice/presentation/screens/ai_practice_hub_screen.dart:549:9 • prefer_const_constructors
   info • Use 'const' literals as arguments to constructors of '@immutable' classes. Try adding 'const' before the literal • fluentx_admin_secure/lib/features/ai_practice/presentation/screens/ai_practice_hub_screen.dart:549:70 • prefer_const_literals_to_create_immutables
   info • Use 'const' with the constructor to improve performance. Try adding the 'const' keyword to the constructor invocation • fluentx_admin_secure/lib/features/ai_practice/presentation/screens/ai_practice_hub_screen.dart:550:11 • prefer_const_constructors
   info • Use 'const' with the constructor to improve performance. Try adding the 'const' keyword to the constructor invocation • fluentx_admin_secure/lib/features/ai_practice/presentation/screens/ai_practice_hub_screen.dart:552:11 • prefer_const_constructors
   info • Use 'const' with the constructor to improve performance. Try adding the 'const' keyword to the constructor invocation • fluentx_admin_secure/lib/features/ai_practice/presentation/screens/ai_practice_hub_screen.dart:552:27 • prefer_const_constructors
   info • Use 'const' literals as arguments to constructors of '@immutable' classes. Try adding 'const' before the literal • fluentx_admin_secure/lib/features/ai_practice/presentation/screens/ai_practice_hub_screen.dart:552:90 • prefer_const_literals_to_create_immutables
   info • Missing a required trailing comma. Try adding a trailing comma • fluentx_admin_secure/lib/features/ai_practice/presentation/screens/ai_practice_hub_screen.dart:557:12 • require_trailing_commas
   info • Missing a required trailing comma. Try adding a trailing comma • fluentx_admin_secure/lib/features/ai_practice/presentation/screens/ai_practice_hub_screen.dart:557:13 • require_trailing_commas
   info • Missing a required trailing comma. Try adding a trailing comma • fluentx_admin_secure/lib/features/ai_practice/presentation/screens/ai_practice_hub_screen.dart:558:10 • require_trailing_commas
   info • Missing a required trailing comma. Try adding a trailing comma • fluentx_admin_secure/lib/features/ai_practice/presentation/screens/ai_practice_hub_screen.dart:564:10 • require_trailing_commas
   info • Missing a required trailing comma. Try adding a trailing comma • fluentx_admin_secure/lib/features/ai_practice/presentation/screens/ai_practice_hub_screen.dart:565:8 • require_trailing_commas
   info • Missing a required trailing comma. Try adding a trailing comma • fluentx_admin_secure/lib/features/ai_practice/presentation/screens/ai_practice_hub_screen.dart:584:14 • require_trailing_commas
   info • Missing a required trailing comma. Try adding a trailing comma • fluentx_admin_secure/lib/features/ai_practice/presentation/screens/ai_practice_hub_screen.dart:584:15 • require_trailing_commas
   info • Missing a required trailing comma. Try adding a trailing comma • fluentx_admin_secure/lib/features/ai_practice/presentation/screens/ai_practice_hub_screen.dart:585:12 • require_trailing_commas
   info • Missing a required trailing comma. Try adding a trailing comma • fluentx_admin_secure/lib/features/ai_practice/presentation/screens/ai_practice_hub_screen.dart:619:16 • require_trailing_commas
   info • Missing a required trailing comma. Try adding a trailing comma • fluentx_admin_secure/lib/features/ai_practice/presentation/screens/ai_practice_hub_screen.dart:622:14 • require_trailing_commas
   info • Missing a required trailing comma. Try adding a trailing comma • fluentx_admin_secure/lib/features/ai_practice/presentation/screens/ai_practice_hub_screen.dart:622:15 • require_trailing_commas
   info • Missing a required trailing comma. Try adding a trailing comma • fluentx_admin_secure/lib/features/ai_practice/presentation/screens/ai_practice_hub_screen.dart:624:12 • require_trailing_commas
   info • Missing a required trailing comma. Try adding a trailing comma • fluentx_admin_secure/lib/features/ai_practice/presentation/screens/ai_practice_hub_screen.dart:649:16 • require_trailing_commas
   info • Missing a required trailing comma. Try adding a trailing comma • fluentx_admin_secure/lib/features/ai_practice/presentation/screens/ai_practice_hub_screen.dart:649:17 • require_trailing_commas
   info • Missing a required trailing comma. Try adding a trailing comma • fluentx_admin_secure/lib/features/ai_practice/presentation/screens/ai_practice_hub_screen.dart:651:14 • require_trailing_commas
   info • Missing a required trailing comma. Try adding a trailing comma • fluentx_admin_secure/lib/features/ai_practice/presentation/screens/ai_practice_hub_screen.dart:684:10 • require_trailing_commas
   info • Missing a required trailing comma. Try adding a trailing comma • fluentx_admin_secure/lib/features/ai_practice/presentation/screens/ai_practice_hub_screen.dart:691:10 • require_trailing_commas
   info • Missing a required trailing comma. Try adding a trailing comma • fluentx_admin_secure/lib/features/ai_practice/presentation/screens/ai_practice_hub_screen.dart:692:8 • require_trailing_commas
   info • Use 'const' with the constructor to improve performance. Try adding the 'const' keyword to the constructor invocation • fluentx_admin_secure/lib/features/ai_practice/presentation/screens/ai_practice_hub_screen.dart:697:12 • prefer_const_constructors
   info • Missing a required trailing comma. Try adding a trailing comma • fluentx_admin_secure/lib/features/ai_practice/presentation/screens/ai_practice_hub_screen.dart:725:14 • require_trailing_commas
   info • Missing a required trailing comma. Try adding a trailing comma • fluentx_admin_secure/lib/features/ai_practice/presentation/screens/ai_practice_hub_screen.dart:727:108 • require_trailing_commas
   info • Missing a required trailing comma. Try adding a trailing comma • fluentx_admin_secure/lib/features/ai_practice/presentation/screens/ai_practice_hub_screen.dart:728:12 • require_trailing_commas
   info • Missing a required trailing comma. Try adding a trailing comma • fluentx_admin_secure/lib/features/ai_practice/presentation/screens/ai_practice_hub_screen.dart:728:13 • require_trailing_commas
   info • Missing a required trailing comma. Try adding a trailing comma • fluentx_admin_secure/lib/features/ai_practice/presentation/screens/ai_practice_hub_screen.dart:729:10 • require_trailing_commas
   info • Missing a required trailing comma. Try adding a trailing comma • fluentx_admin_secure/lib/features/ai_practice/presentation/screens/ai_practice_hub_screen.dart:744:10 • require_trailing_commas
   info • Missing a required trailing comma. Try adding a trailing comma • fluentx_admin_secure/lib/features/ai_practice/presentation/screens/ai_practice_hub_screen.dart:762:8 • require_trailing_commas
   info • Use 'const' with the constructor to improve performance. Try adding the 'const' keyword to the constructor invocation • fluentx_admin_secure/lib/features/ai_practice/presentation/screens/ai_practice_hub_screen.dart:770:9 • prefer_const_constructors
   info • Missing a required trailing comma. Try adding a trailing comma • fluentx_admin_secure/lib/features/ai_practice/presentation/screens/ai_practice_hub_screen.dart:782:8 • require_trailing_commas
   info • Missing a required trailing comma. Try adding a trailing comma • fluentx_admin_secure/lib/features/ai_practice/presentation/screens/ai_practice_hub_screen.dart:783:6 • require_trailing_commas
   info • Missing a required trailing comma. Try adding a trailing comma • fluentx_admin_secure/lib/features/ai_practice/presentation/screens/ai_practice_hub_screen.dart:813:16 • require_trailing_commas
   info • Missing a required trailing comma. Try adding a trailing comma • fluentx_admin_secure/lib/features/ai_practice/presentation/screens/ai_practice_hub_screen.dart:841:12 • require_trailing_commas
   info • Missing a required trailing comma. Try adding a trailing comma • fluentx_admin_secure/lib/features/ai_practice/presentation/screens/ai_practice_hub_screen.dart:844:10 • require_trailing_commas
   info • Missing a required trailing comma. Try adding a trailing comma • fluentx_admin_secure/lib/features/ai_practice/presentation/screens/ai_practice_hub_screen.dart:845:8 • require_trailing_commas
   info • Missing a required trailing comma. Try adding a trailing comma • fluentx_admin_secure/lib/features/ai_practice/presentation/screens/ai_practice_hub_screen.dart:856:10 • require_trailing_commas
   info • Missing a required trailing comma. Try adding a trailing comma • fluentx_admin_secure/lib/features/ai_practice/presentation/screens/ai_practice_hub_screen.dart:871:16 • require_trailing_commas
   info • Missing a required trailing comma. Try adding a trailing comma • fluentx_admin_secure/lib/features/ai_practice/presentation/screens/ai_practice_hub_screen.dart:910:89 • require_trailing_commas
   info • Missing a required trailing comma. Try adding a trailing comma • fluentx_admin_secure/lib/features/ai_practice/presentation/screens/ai_practice_hub_screen.dart:921:14 • require_trailing_commas
   info • Missing a required trailing comma. Try adding a trailing comma • fluentx_admin_secure/lib/features/ai_practice/presentation/screens/ai_practice_hub_screen.dart:928:16 • require_trailing_commas
   info • Missing a required trailing comma. Try adding a trailing comma • fluentx_admin_secure/lib/features/ai_practice/presentation/screens/ai_practice_hub_screen.dart:934:16 • require_trailing_commas
   info • Missing a required trailing comma. Try adding a trailing comma • fluentx_admin_secure/lib/features/ai_practice/presentation/screens/ai_practice_hub_screen.dart:943:16 • require_trailing_commas
   info • Missing a required trailing comma. Try adding a trailing comma • fluentx_admin_secure/lib/features/ai_practice/presentation/screens/ai_practice_hub_screen.dart:944:14 • require_trailing_commas
   info • Missing a required trailing comma. Try adding a trailing comma • fluentx_admin_secure/lib/features/ai_practice/presentation/screens/ai_practice_hub_screen.dart:952:14 • require_trailing_commas
   info • Missing a required trailing comma. Try adding a trailing comma • fluentx_admin_secure/lib/features/ai_practice/presentation/screens/ai_practice_hub_screen.dart:955:12 • require_trailing_commas
   info • Missing a required trailing comma. Try adding a trailing comma • fluentx_admin_secure/lib/features/ai_practice/presentation/screens/ai_practice_hub_screen.dart:972:8 • require_trailing_commas
   info • Missing a required trailing comma. Try adding a trailing comma • fluentx_admin_secure/lib/features/ai_practice/presentation/screens/ai_practice_hub_screen.dart:992:10 • require_trailing_commas
   info • Missing a required trailing comma. Try adding a trailing comma • fluentx_admin_secure/lib/features/ai_practice/presentation/screens/ai_practice_hub_screen.dart:992:11 • require_trailing_commas
   info • Missing a required trailing comma. Try adding a trailing comma • fluentx_admin_secure/lib/features/ai_practice/presentation/screens/ai_practice_hub_screen.dart:996:53 • require_trailing_commas
   info • Missing a required trailing comma. Try adding a trailing comma • fluentx_admin_secure/lib/features/ai_practice/presentation/screens/ai_practice_hub_screen.dart:997:8 • require_trailing_commas
   info • Missing a required trailing comma. Try adding a trailing comma • fluentx_admin_secure/lib/features/ai_practice/presentation/screens/ai_practice_hub_screen.dart:1029:8 • require_trailing_commas
   info • Missing a required trailing comma. Try adding a trailing comma • fluentx_admin_secure/lib/features/ai_practice/presentation/screens/ai_practice_hub_screen.dart:1051:8 • require_trailing_commas
   info • Missing a required trailing comma. Try adding a trailing comma • fluentx_admin_secure/lib/features/ai_practice/presentation/screens/ai_practice_hub_screen.dart:1109:8 • require_trailing_commas
   info • Missing a required trailing comma. Try adding a trailing comma • fluentx_admin_secure/lib/features/ai_practice/presentation/screens/ai_practice_hub_screen.dart:1149:8 • require_trailing_commas
   info • 'listenFor' is deprecated and shouldn't be used. Use SpeechListenOptions.listenFor instead. Try replacing the use of the deprecated member with the replacement • fluentx_admin_secure/lib/features/ai_practice/presentation/widgets/practice_mic_button.dart:66:7 • deprecated_member_use
   info • 'pauseFor' is deprecated and shouldn't be used. Use SpeechListenOptions.pauseFor instead. Try replacing the use of the deprecated member with the replacement • fluentx_admin_secure/lib/features/ai_practice/presentation/widgets/practice_mic_button.dart:67:7 • deprecated_member_use
   info • Use 'const' with the constructor to improve performance. Try adding the 'const' keyword to the constructor invocation • fluentx_admin_secure/lib/features/certificates/presentation/screens/certificates_screen.dart:77:59 • prefer_const_constructors
   info • Use 'const' with the constructor to improve performance. Try adding the 'const' keyword to the constructor invocation • fluentx_admin_secure/lib/features/certificates/presentation/screens/certificates_screen.dart:81:41 • prefer_const_constructors
   info • Use 'const' with the constructor to improve performance. Try adding the 'const' keyword to the constructor invocation • fluentx_admin_secure/lib/features/certificates/presentation/screens/certificates_screen.dart:85:69 • prefer_const_constructors
   info • Use 'const' with the constructor to improve performance. Try adding the 'const' keyword to the constructor invocation • fluentx_admin_secure/lib/features/certificates/presentation/screens/certificates_screen.dart:93:58 • prefer_const_constructors
   info • Use 'const' with the constructor to improve performance. Try adding the 'const' keyword to the constructor invocation • fluentx_admin_secure/lib/features/certificates/presentation/screens/certificates_screen.dart:97:181 • prefer_const_constructors
   info • Use 'const' with the constructor to improve performance. Try adding the 'const' keyword to the constructor invocation • fluentx_admin_secure/lib/features/communication_dna/presentation/screens/communication_dna_screen.dart:134:19 • prefer_const_constructors
   info • Use 'const' with the constructor to improve performance. Try adding the 'const' keyword to the constructor invocation • fluentx_admin_secure/lib/features/communication_dna/presentation/screens/communication_dna_screen.dart:145:19 • prefer_const_constructors
warning • The value of the local variable 'colorScheme' isn't used. Try removing the variable or using it • fluentx_admin_secure/lib/features/grammar/presentation/widgets/grammar_quiz_sheet.dart:70:15 • unused_local_variable
   info • 'listenMode' is deprecated and shouldn't be used. Use SpeechListenOptions.listenMode instead. Try replacing the use of the deprecated member with the replacement • fluentx_admin_secure/lib/features/interview_prep/presentation/screens/interview_prep_screen.dart:125:7 • deprecated_member_use
   info • 'partialResults' is deprecated and shouldn't be used. Use SpeechListenOptions.partialResults instead. Try replacing the use of the deprecated member with the replacement • fluentx_admin_secure/lib/features/interview_prep/presentation/screens/interview_prep_screen.dart:126:7 • deprecated_member_use
   info • Missing a required trailing comma. Try adding a trailing comma • fluentx_admin_secure/lib/features/learn/presentation/screens/learn_hub_screen.dart:251:18 • require_trailing_commas
   info • Missing a required trailing comma. Try adding a trailing comma • fluentx_admin_secure/lib/features/learn/presentation/screens/learning_path_screen.dart:94:12 • require_trailing_commas
   info • Missing a required trailing comma. Try adding a trailing comma • fluentx_admin_secure/lib/features/learn/presentation/screens/learning_path_screen.dart:95:10 • require_trailing_commas
   info • Missing a required trailing comma. Try adding a trailing comma • fluentx_admin_secure/lib/features/learn/presentation/screens/learning_path_screen.dart:119:18 • require_trailing_commas
   info • Missing a required trailing comma. Try adding a trailing comma • fluentx_admin_secure/lib/features/learn/presentation/screens/learning_path_screen.dart:119:19 • require_trailing_commas
   info • Missing a required trailing comma. Try adding a trailing comma • fluentx_admin_secure/lib/features/learn/presentation/screens/learning_path_screen.dart:120:16 • require_trailing_commas
   info • Missing a required trailing comma. Try adding a trailing comma • fluentx_admin_secure/lib/features/learn/presentation/screens/learning_path_screen.dart:125:14 • require_trailing_commas
   info • Missing a required trailing comma. Try adding a trailing comma • fluentx_admin_secure/lib/features/learn/presentation/screens/learning_path_screen.dart:125:15 • require_trailing_commas
   info • Missing a required trailing comma. Try adding a trailing comma • fluentx_admin_secure/lib/features/learn/presentation/screens/learning_path_screen.dart:134:14 • require_trailing_commas
   info • Missing a required trailing comma. Try adding a trailing comma • fluentx_admin_secure/lib/features/learn/presentation/screens/learning_path_screen.dart:152:20 • require_trailing_commas
   info • Missing a required trailing comma. Try adding a trailing comma • fluentx_admin_secure/lib/features/learn/presentation/screens/learning_path_screen.dart:165:18 • require_trailing_commas
   info • Missing a required trailing comma. Try adding a trailing comma • fluentx_admin_secure/lib/features/learn/presentation/screens/learning_path_screen.dart:165:19 • require_trailing_commas
   info • Missing a required trailing comma. Try adding a trailing comma • fluentx_admin_secure/lib/features/learn/presentation/screens/learning_path_screen.dart:186:16 • require_trailing_commas
   info • Missing a required trailing comma. Try adding a trailing comma • fluentx_admin_secure/lib/features/learn/presentation/screens/learning_path_screen.dart:258:8 • require_trailing_commas
   info • Missing a required trailing comma. Try adding a trailing comma • fluentx_admin_secure/lib/features/learn/presentation/screens/learning_path_screen.dart:267:87 • require_trailing_commas
   info • Missing a required trailing comma. Try adding a trailing comma • fluentx_admin_secure/lib/features/learn/presentation/screens/learning_path_screen.dart:269:8 • require_trailing_commas
   info • 'groupValue' is deprecated and shouldn't be used. Use a RadioGroup ancestor to manage group value instead. This feature was deprecated after v3.32.0-0.0.pre. Try replacing the use of the deprecated member with the replacement • fluentx_admin_secure/lib/features/learn/presentation/screens/learning_path_screen.dart:300:25 • deprecated_member_use
   info • 'onChanged' is deprecated and shouldn't be used. Use RadioGroup to handle value change instead. This feature was deprecated after v3.32.0-0.0.pre. Try replacing the use of the deprecated member with the replacement • fluentx_admin_secure/lib/features/learn/presentation/screens/learning_path_screen.dart:301:25 • deprecated_member_use
   info • Missing a required trailing comma. Try adding a trailing comma • fluentx_admin_secure/lib/features/learn/presentation/screens/learning_path_screen.dart:303:24 • require_trailing_commas
   info • Missing a required trailing comma. Try adding a trailing comma • fluentx_admin_secure/lib/features/learn/presentation/screens/learning_path_screen.dart:304:22 • require_trailing_commas
   info • Missing a required trailing comma. Try adding a trailing comma • fluentx_admin_secure/lib/features/learn/presentation/screens/learning_path_screen.dart:304:23 • require_trailing_commas
   info • Missing a required trailing comma. Try adding a trailing comma • fluentx_admin_secure/lib/features/learn/presentation/screens/learning_path_screen.dart:304:24 • require_trailing_commas
   info • Missing a required trailing comma. Try adding a trailing comma • fluentx_admin_secure/lib/features/learn/presentation/screens/learning_path_screen.dart:312:20 • require_trailing_commas
   info • Missing a required trailing comma. Try adding a trailing comma • fluentx_admin_secure/lib/features/learn/presentation/screens/learning_path_screen.dart:312:21 • require_trailing_commas
   info • Missing a required trailing comma. Try adding a trailing comma • fluentx_admin_secure/lib/features/learn/presentation/screens/learning_path_screen.dart:316:18 • require_trailing_commas
   info • Missing a required trailing comma. Try adding a trailing comma • fluentx_admin_secure/lib/features/learn/presentation/screens/personalized_daily_practice_screen.dart:40:8 • require_trailing_commas
   info • Missing a required trailing comma. Try adding a trailing comma • fluentx_admin_secure/lib/features/learn/presentation/screens/personalized_daily_practice_screen.dart:101:14 • require_trailing_commas
   info • Missing a required trailing comma. Try adding a trailing comma • fluentx_admin_secure/lib/features/learn/presentation/screens/personalized_daily_practice_screen.dart:118:22 • require_trailing_commas
   info • Missing a required trailing comma. Try adding a trailing comma • fluentx_admin_secure/lib/features/learn/presentation/screens/personalized_daily_practice_screen.dart:138:20 • require_trailing_commas
   info • Missing a required trailing comma. Try adding a trailing comma • fluentx_admin_secure/lib/features/learn/presentation/screens/personalized_daily_practice_screen.dart:141:14 • require_trailing_commas
warning • The value of the field '_confidence' isn't used. Try removing the field, or using it • fluentx_admin_secure/lib/features/learn/presentation/screens/pronunciation_practice_screen.dart:32:10 • unused_field
   info • 'listenFor' is deprecated and shouldn't be used. Use SpeechListenOptions.listenFor instead. Try replacing the use of the deprecated member with the replacement • fluentx_admin_secure/lib/features/learn/presentation/screens/pronunciation_practice_screen.dart:155:7 • deprecated_member_use
   info • 'pauseFor' is deprecated and shouldn't be used. Use SpeechListenOptions.pauseFor instead. Try replacing the use of the deprecated member with the replacement • fluentx_admin_secure/lib/features/learn/presentation/screens/pronunciation_practice_screen.dart:156:7 • deprecated_member_use
   info • 'partialResults' is deprecated and shouldn't be used. Use SpeechListenOptions.partialResults instead. Try replacing the use of the deprecated member with the replacement • fluentx_admin_secure/lib/features/learn/presentation/screens/pronunciation_practice_screen.dart:157:7 • deprecated_member_use
   info • 'cancelOnError' is deprecated and shouldn't be used. Use SpeechListenOptions.cancelOnError instead. Try replacing the use of the deprecated member with the replacement • fluentx_admin_secure/lib/features/learn/presentation/screens/pronunciation_practice_screen.dart:158:7 • deprecated_member_use
   info • Missing a required trailing comma. Try adding a trailing comma • fluentx_admin_secure/lib/features/learn/presentation/screens/pronunciation_practice_screen.dart:195:8 • require_trailing_commas
   info • Missing a required trailing comma. Try adding a trailing comma • fluentx_admin_secure/lib/features/learn/presentation/screens/pronunciation_practice_screen.dart:234:18 • require_trailing_commas
   info • Missing a required trailing comma. Try adding a trailing comma • fluentx_admin_secure/lib/features/learn/presentation/screens/pronunciation_practice_screen.dart:239:16 • require_trailing_commas
   info • 'value' is deprecated and shouldn't be used. Use initialValue instead. This will set the initial value for the form field. This feature was deprecated after v3.33.0-1.0.pre. Try replacing the use of the deprecated member with the replacement • fluentx_admin_secure/lib/features/learn/presentation/screens/pronunciation_practice_screen.dart:245:15 • deprecated_member_use
   info • Missing a required trailing comma. Try adding a trailing comma • fluentx_admin_secure/lib/features/learn/presentation/screens/pronunciation_practice_screen.dart:263:16 • require_trailing_commas
   info • Missing a required trailing comma. Try adding a trailing comma • fluentx_admin_secure/lib/features/learn/presentation/screens/pronunciation_practice_screen.dart:266:14 • require_trailing_commas
   info • Missing a required trailing comma. Try adding a trailing comma • fluentx_admin_secure/lib/features/learn/presentation/screens/pronunciation_practice_screen.dart:282:16 • require_trailing_commas
   info • Missing a required trailing comma. Try adding a trailing comma • fluentx_admin_secure/lib/features/learn/presentation/screens/pronunciation_practice_screen.dart:303:18 • require_trailing_commas
   info • Missing a required trailing comma. Try adding a trailing comma • fluentx_admin_secure/lib/features/learn/presentation/screens/pronunciation_practice_screen.dart:325:18 • require_trailing_commas
   info • Missing a required trailing comma. Try adding a trailing comma • fluentx_admin_secure/lib/features/learn/presentation/screens/pronunciation_practice_screen.dart:345:24 • require_trailing_commas
   info • Missing a required trailing comma. Try adding a trailing comma • fluentx_admin_secure/lib/features/onboarding/presentation/screens/onboarding_screen.dart:163:8 • require_trailing_commas
   info • Missing a required trailing comma. Try adding a trailing comma • fluentx_admin_secure/lib/features/onboarding/presentation/screens/onboarding_screen.dart:391:16 • require_trailing_commas
   info • Missing a required trailing comma. Try adding a trailing comma • fluentx_admin_secure/lib/features/onboarding/presentation/screens/onboarding_screen.dart:469:46 • require_trailing_commas
   info • 'listenFor' is deprecated and shouldn't be used. Use SpeechListenOptions.listenFor instead. Try replacing the use of the deprecated member with the replacement • fluentx_admin_secure/lib/features/onboarding/presentation/screens/onboarding_screen.dart:494:7 • deprecated_member_use
   info • 'pauseFor' is deprecated and shouldn't be used. Use SpeechListenOptions.pauseFor instead. Try replacing the use of the deprecated member with the replacement • fluentx_admin_secure/lib/features/onboarding/presentation/screens/onboarding_screen.dart:495:7 • deprecated_member_use
   info • 'listenMode' is deprecated and shouldn't be used. Use SpeechListenOptions.listenMode instead. Try replacing the use of the deprecated member with the replacement • fluentx_admin_secure/lib/features/onboarding/presentation/screens/onboarding_screen.dart:496:7 • deprecated_member_use
   info • Missing a required trailing comma. Try adding a trailing comma • fluentx_admin_secure/lib/features/onboarding/presentation/screens/onboarding_screen.dart:515:8 • require_trailing_commas
   info • Missing a required trailing comma. Try adding a trailing comma • fluentx_admin_secure/lib/features/onboarding/presentation/screens/onboarding_screen.dart:583:12 • require_trailing_commas
   info • Missing a required trailing comma. Try adding a trailing comma • fluentx_admin_secure/lib/features/onboarding/presentation/screens/onboarding_screen.dart:584:10 • require_trailing_commas
   info • Missing a required trailing comma. Try adding a trailing comma • fluentx_admin_secure/lib/features/onboarding/presentation/screens/onboarding_screen.dart:599:10 • require_trailing_commas
   info • Missing a required trailing comma. Try adding a trailing comma • fluentx_admin_secure/lib/features/onboarding/presentation/screens/onboarding_screen.dart:607:10 • require_trailing_commas
   info • Missing a required trailing comma. Try adding a trailing comma • fluentx_admin_secure/lib/features/onboarding/presentation/screens/onboarding_screen.dart:614:8 • require_trailing_commas
   info • Missing a required trailing comma. Try adding a trailing comma • fluentx_admin_secure/lib/features/onboarding/presentation/screens/onboarding_screen.dart:637:6 • require_trailing_commas
   info • Missing a required trailing comma. Try adding a trailing comma • fluentx_admin_secure/lib/features/onboarding/presentation/screens/onboarding_screen.dart:671:6 • require_trailing_commas
   info • Missing a required trailing comma. Try adding a trailing comma • fluentx_admin_secure/lib/features/onboarding/presentation/screens/onboarding_screen.dart:712:12 • require_trailing_commas
   info • Missing a required trailing comma. Try adding a trailing comma • fluentx_admin_secure/lib/features/onboarding/presentation/screens/onboarding_screen.dart:718:8 • require_trailing_commas
   info • Missing a required trailing comma. Try adding a trailing comma • fluentx_admin_secure/lib/features/onboarding/presentation/screens/onboarding_screen.dart:769:10 • require_trailing_commas
   info • Missing a required trailing comma. Try adding a trailing comma • fluentx_admin_secure/lib/features/onboarding/presentation/screens/onboarding_screen.dart:788:8 • require_trailing_commas
warning • The declaration '_OnboardingLegalPreview' isn't referenced. Try removing the declaration of '_OnboardingLegalPreview' • fluentx_admin_secure/lib/features/onboarding/presentation/screens/onboarding_screen.dart:794:7 • unused_element
   info • Missing a required trailing comma. Try adding a trailing comma • fluentx_admin_secure/lib/features/onboarding/presentation/screens/onboarding_screen.dart:809:8 • require_trailing_commas
   info • Use 'const' with the constructor to improve performance. Try adding the 'const' keyword to the constructor invocation • fluentx_admin_secure/lib/features/premium/presentation/screens/premium_screen.dart:80:17 • prefer_const_constructors
   info • 'groupValue' is deprecated and shouldn't be used. Use a RadioGroup ancestor to manage group value instead. This feature was deprecated after v3.32.0-0.0.pre. Try replacing the use of the deprecated member with the replacement • fluentx_admin_secure/lib/features/premium/presentation/screens/premium_screen.dart:197:15 • deprecated_member_use
   info • 'onChanged' is deprecated and shouldn't be used. Use RadioGroup to handle value change instead. This feature was deprecated after v3.32.0-0.0.pre. Try replacing the use of the deprecated member with the replacement • fluentx_admin_secure/lib/features/premium/presentation/screens/premium_screen.dart:198:15 • deprecated_member_use
   info • Use 'const' with the constructor to improve performance. Try adding the 'const' keyword to the constructor invocation • fluentx_admin_secure/lib/features/premium/presentation/screens/premium_screen.dart:257:13 • prefer_const_constructors
   info • Missing a required trailing comma. Try adding a trailing comma • fluentx_admin_secure/lib/features/profile/presentation/screens/daily_goals_screen.dart:30:31 • require_trailing_commas
   info • Missing a required trailing comma. Try adding a trailing comma • fluentx_admin_secure/lib/features/profile/presentation/screens/referral_screen.dart:62:8 • require_trailing_commas
   info • Missing a required trailing comma. Try adding a trailing comma • fluentx_admin_secure/lib/features/profile/presentation/screens/referral_screen.dart:148:22 • require_trailing_commas
   info • Missing a required trailing comma. Try adding a trailing comma • fluentx_admin_secure/lib/features/profile/presentation/screens/referral_screen.dart:149:20 • require_trailing_commas
   info • Missing a required trailing comma. Try adding a trailing comma • fluentx_admin_secure/lib/features/profile/presentation/screens/referral_screen.dart:152:18 • require_trailing_commas
   info • Missing a required trailing comma. Try adding a trailing comma • fluentx_admin_secure/lib/features/profile/presentation/screens/referral_screen.dart:158:18 • require_trailing_commas
   info • Missing a required trailing comma. Try adding a trailing comma • fluentx_admin_secure/lib/features/profile/presentation/screens/referral_screen.dart:159:16 • require_trailing_commas
   info • Missing a required trailing comma. Try adding a trailing comma • fluentx_admin_secure/lib/features/profile/presentation/screens/referral_screen.dart:166:14 • require_trailing_commas
   info • Missing a required trailing comma. Try adding a trailing comma • fluentx_admin_secure/lib/features/profile/presentation/screens/referral_screen.dart:175:16 • require_trailing_commas
   info • Missing a required trailing comma. Try adding a trailing comma • fluentx_admin_secure/lib/features/profile/presentation/screens/referral_screen.dart:224:6 • require_trailing_commas
   info • Missing a required trailing comma. Try adding a trailing comma • fluentx_admin_secure/lib/features/profile/presentation/screens/referral_screen.dart:238:4 • require_trailing_commas
   info • Missing a required trailing comma. Try adding a trailing comma • fluentx_admin_secure/lib/features/profile/presentation/screens/referral_screen.dart:250:4 • require_trailing_commas
   info • Missing a required trailing comma. Try adding a trailing comma • fluentx_admin_secure/lib/features/profile/presentation/screens/referral_screen.dart:264:6 • require_trailing_commas
   info • Missing a required trailing comma. Try adding a trailing comma • fluentx_admin_secure/lib/features/progress/presentation/screens/progress_screen.dart:37:18 • require_trailing_commas
   info • Missing a required trailing comma. Try adding a trailing comma • fluentx_admin_secure/lib/features/progress/presentation/screens/progress_screen.dart:37:19 • require_trailing_commas
   info • Missing a required trailing comma. Try adding a trailing comma • fluentx_admin_secure/lib/features/progress/presentation/screens/progress_screen.dart:43:16 • require_trailing_commas
   info • Missing a required trailing comma. Try adding a trailing comma • fluentx_admin_secure/lib/features/progress/presentation/screens/share_progress_card_screen.dart:61:8 • require_trailing_commas
   info • Missing a required trailing comma. Try adding a trailing comma • fluentx_admin_secure/lib/features/progress/presentation/screens/share_progress_card_screen.dart:184:12 • require_trailing_commas
   info • Missing a required trailing comma. Try adding a trailing comma • fluentx_admin_secure/lib/features/progress/presentation/screens/share_progress_card_screen.dart:184:13 • require_trailing_commas
   info • Missing a required trailing comma. Try adding a trailing comma • fluentx_admin_secure/lib/features/progress/presentation/screens/share_progress_card_screen.dart:185:10 • require_trailing_commas
   info • Missing a required trailing comma. Try adding a trailing comma • fluentx_admin_secure/lib/features/progress/presentation/screens/share_progress_card_screen.dart:205:10 • require_trailing_commas
   info • Missing a required trailing comma. Try adding a trailing comma • fluentx_admin_secure/lib/features/progress/presentation/screens/share_progress_card_screen.dart:211:10 • require_trailing_commas
   info • Missing a required trailing comma. Try adding a trailing comma • fluentx_admin_secure/lib/features/progress/presentation/screens/share_progress_card_screen.dart:223:8 • require_trailing_commas
   info • Missing a required trailing comma. Try adding a trailing comma • fluentx_admin_secure/lib/features/progress/presentation/screens/share_progress_card_screen.dart:242:6 • require_trailing_commas
   info • Missing a required trailing comma. Try adding a trailing comma • fluentx_admin_secure/lib/features/progress/presentation/screens/share_progress_card_screen.dart:258:6 • require_trailing_commas
   info • Missing a required trailing comma. Try adding a trailing comma • fluentx_admin_secure/lib/features/settings/presentation/screens/legal_compliance_center_screen.dart:61:18 • require_trailing_commas
   info • Missing a required trailing comma. Try adding a trailing comma • fluentx_admin_secure/lib/features/settings/presentation/screens/legal_compliance_center_screen.dart:63:14 • require_trailing_commas
   info • Missing a required trailing comma. Try adding a trailing comma • fluentx_admin_secure/lib/features/settings/presentation/screens/legal_request_screen.dart:64:8 • require_trailing_commas
   info • 'value' is deprecated and shouldn't be used. Use initialValue instead. This will set the initial value for the form field. This feature was deprecated after v3.33.0-1.0.pre. Try replacing the use of the deprecated member with the replacement • fluentx_admin_secure/lib/features/settings/presentation/screens/legal_request_screen.dart:96:13 • deprecated_member_use
   info • Use 'const' with the constructor to improve performance. Try adding the 'const' keyword to the constructor invocation • fluentx_admin_secure/lib/features/writing/presentation/widgets/writing_editor_sheet.dart:61:23 • prefer_const_constructors
   info • Use 'const' for final variables initialized to a constant value. Try replacing 'final' with 'const' • fluentx_admin_secure/lib/main.dart:17:3 • prefer_const_declarations
   info • Missing a required trailing comma. Try adding a trailing comma • fluentx_admin_secure/lib/main.dart:72:6 • require_trailing_commas

183 issues found. (ran in 22.2s)
