Resolving dependencies...
Downloading packages...
+ _fe_analyzer_shared 67.0.0 (105.0.0 available)
+ _flutterfire_internals 1.3.59 (1.3.76 available)
+ analyzer 6.4.1 (14.1.0 available)
+ app_links 7.2.1
+ app_links_linux 1.0.3
+ app_links_platform_interface 2.0.4
+ app_links_web 1.0.4
+ archive 4.0.9 (4.2.0 available)
+ args 2.7.0
+ async 2.13.1
+ barcode 2.2.9
+ bidi 2.0.13
+ boolean_selector 2.1.2
+ build 2.4.1 (4.0.10 available)
+ build_config 1.1.2 (1.3.2 available)
+ build_daemon 4.1.5
+ build_resolvers 2.4.2 (3.0.4 available)
+ build_runner 2.4.11 (2.16.0 available)
+ build_runner_core 7.3.2 (9.3.2 available)
+ built_collection 5.1.1
+ built_value 8.12.7
  characters 1.4.1 (from direct dependency to transitive dependency)
+ checked_yaml 2.0.4
+ clock 1.1.2
+ code_assets 1.2.1 (2.0.0 available)
+ code_builder 4.11.1
  collection 1.19.1 (from direct dependency to transitive dependency)
+ convert 3.1.2
+ cross_file 0.3.5+4
+ crypto 3.0.7
+ cupertino_icons 1.0.9
+ dart_jsonwebtoken 3.4.1
+ dart_style 2.3.6 (3.1.12 available)
+ dbus 0.7.15
+ dio 5.11.0
+ dio_web_adapter 2.2.1
+ easy_localization 3.0.8
+ easy_logger 0.0.2
+ equatable 2.1.0
+ fake_async 1.3.3
+ ffi 2.2.0
+ file 7.0.1
+ firebase_analytics 11.6.0 (12.4.6 available)
+ firebase_analytics_platform_interface 4.4.3 (6.0.6 available)
+ firebase_analytics_web 0.5.10+16 (0.6.1+12 available)
+ firebase_core 3.15.2 (4.13.0 available)
+ firebase_core_platform_interface 6.0.3 (8.1.0 available)
+ firebase_core_web 2.24.1 (3.10.0 available)
+ firebase_crashlytics 4.3.10 (5.2.7 available)
+ firebase_crashlytics_platform_interface 3.8.10 (3.8.27 available)
+ firebase_messaging 15.2.10 (16.5.0 available)
+ firebase_messaging_platform_interface 4.6.10 (4.9.3 available)
+ firebase_messaging_web 3.10.10 (4.2.4 available)
+ fixnum 1.1.1
+ flutter 0.0.0 from sdk flutter
+ flutter_lints 4.0.0 (6.0.0 available)
+ flutter_local_notifications 17.2.4 (22.3.0 available)
+ flutter_local_notifications_linux 4.0.1 (8.0.1 available)
+ flutter_local_notifications_platform_interface 7.2.0 (12.2.0 available)
+ flutter_localizations 0.0.0 from sdk flutter
+ flutter_riverpod 2.6.1 (3.4.2 available)
+ flutter_secure_storage 9.2.4 (11.0.0 available)
+ flutter_secure_storage_linux 1.2.3 (3.0.2 available)
+ flutter_secure_storage_macos 3.1.3 (4.0.0 available)
+ flutter_secure_storage_platform_interface 1.1.2 (2.0.3 available)
+ flutter_secure_storage_web 1.2.1 (2.1.1 available)
+ flutter_secure_storage_windows 3.1.2 (4.2.2 available)
+ flutter_svg 2.3.0
+ flutter_test 0.0.0 from sdk flutter
+ flutter_tts 4.2.5
+ flutter_web_plugins 0.0.0 from sdk flutter
+ fpdart 1.2.0
+ freezed 2.5.2 (4.0.0 available)
+ freezed_annotation 2.4.4 (3.1.0 available)
+ frontend_server_client 4.0.0
+ functions_client 2.6.4 (2.7.1 available)
+ glob 2.1.3
+ go_router 14.8.1 (17.5.0 available)
+ google_fonts 6.3.3 (8.2.1 available)
+ gotrue 2.26.0 (2.27.2 available)
+ graphs 2.3.2
+ gtk 2.2.0
+ hive 2.2.3
+ hive_flutter 1.1.0
+ hooks 2.0.2 (2.2.0 available)
+ http 1.6.0
+ http_multi_server 3.2.2
+ http_parser 4.1.2
+ image 4.9.2
+ intl 0.20.3
+ io 1.0.5
+ jni 1.0.3
+ jni_flutter 1.0.2
+ jni_util 1.0.0
+ js 0.6.7 (0.7.2 available)
+ json_annotation 4.12.0
+ jwt_decode 0.3.1
+ leak_tracker 11.0.2
+ leak_tracker_flutter_testing 3.0.10
+ leak_tracker_testing 3.0.2
+ lints 4.0.0 (6.1.0 available)
+ logging 1.3.0
+ matcher 0.12.20
  material_color_utilities 0.13.0 (from direct dependency to transitive dependency) (0.13.1 available)
  meta 1.18.3 (from direct dependency to transitive dependency) (1.19.0 available)
+ mime 1.0.6 (2.0.0 available)
+ objective_c 9.5.0 (9.6.0 available)
+ package_config 2.2.0 (3.0.0 available)
+ passkeys_platform_interface 2.9.0
+ path 1.9.1
+ path_parsing 1.1.0
+ path_provider 2.1.6
+ path_provider_android 2.3.1
+ path_provider_foundation 2.6.0
+ path_provider_linux 2.2.2
+ path_provider_platform_interface 2.1.3
+ path_provider_windows 2.3.0
+ pdf 3.13.0
+ pdf_widget_wrapper 1.0.4
+ petitparser 7.0.2
+ platform 3.1.6
+ plugin_platform_interface 2.1.8
+ pointycastle 4.0.0
+ pool 1.5.2
+ posix 6.5.2
+ postgrest 2.8.0 (2.9.1 available)
+ printing 5.15.0
+ pub_semver 2.2.0
+ pubspec_parse 1.5.0
+ purchases_flutter 10.5.0 (10.9.1 available)
+ qr 3.0.2 (4.0.0 available)
+ realtime_client 2.11.0 (2.13.0 available)
+ record_use 0.6.0 (1.1.1 available)
+ retry 3.1.2
+ riverpod 2.6.1 (3.4.2 available)
+ riverpod_annotation 2.6.1 (4.0.6 available)
+ rxdart 0.28.0
+ share_plus 10.1.4 (13.3.0 available)
+ share_plus_platform_interface 5.0.2 (7.2.0 available)
+ shared_preferences 2.5.5
+ shared_preferences_android 2.4.27
+ shared_preferences_foundation 2.5.6
+ shared_preferences_linux 2.4.1
+ shared_preferences_platform_interface 2.4.2
+ shared_preferences_web 2.4.3
+ shared_preferences_windows 2.4.1
+ shelf 1.4.2
+ shelf_web_socket 2.0.1 (3.0.0 available)
+ sky_engine 0.0.0 from sdk flutter
+ source_gen 1.5.0 (4.3.0 available)
+ source_span 1.10.2
+ speech_to_text 7.4.0
+ speech_to_text_platform_interface 2.4.0
+ speech_to_text_windows 1.0.1
+ stack_trace 1.12.1
+ state_notifier 1.0.0
+ storage_client 2.6.0 (2.8.0 available)
+ stream_channel 2.1.4
+ stream_transform 2.1.1
+ string_scanner 1.4.1
+ supabase 2.14.0 (2.16.1 available)
+ supabase_flutter 2.16.0 (2.17.2 available)
+ term_glyph 1.2.2
+ test_api 0.7.12 (0.7.13 available)
+ timezone 0.9.4 (0.11.1 available)
+ timing 1.0.2
+ typed_data 1.4.0
+ url_launcher 6.3.2
+ url_launcher_android 6.3.32
+ url_launcher_ios 6.4.1
+ url_launcher_linux 3.2.2
+ url_launcher_macos 3.2.5
+ url_launcher_platform_interface 2.3.2
+ url_launcher_web 2.4.3
+ url_launcher_windows 3.1.5
+ uuid 4.6.0
+ vector_graphics 1.2.3
+ vector_graphics_codec 1.1.13
+ vector_graphics_compiler 1.3.0
  vector_math 2.4.0 (from direct dependency to transitive dependency) (2.4.2 available)
+ vm_service 15.3.0
+ watcher 1.2.1
+ web 1.1.1
+ web_socket 1.0.1
+ web_socket_channel 3.0.3
+ win32 5.15.0 (6.4.0 available)
+ xdg_directories 1.1.0
+ xml 7.0.1
+ yaml 3.1.3
+ yet_another_json_isolate 2.1.1
Changed 190 dependencies!
65 packages have newer versions incompatible with dependency constraints.
Try `flutter pub outdated` for more information.
Upgrading analysis_options.yaml to exclude build and platform directories.
